// Jest Snapshot v1, https://goo.gl/fbAQLP

exports[`Page Index should render all page with all components correctly 1`] = `
Array [
  <header
    className="header"
  >
    <div
      className="header__logo"
    >
      <img
        alt="NatalJS Logo"
        className="logo--mobile"
        src="/static/images/logo-mobile.svg"
      />
      <img
        alt="NatalJS Logo"
        className="logo--desktop"
        src="/static/images/logo.svg"
      />
    </div>
    <menu
      className="header__menu"
    >
      <ul
        className="menu"
      >
        <li
          className="menu__item"
        >
          <a
            className="menu__item__link scroll"
            href="#about"
          >
            O que é
          </a>
        </li>
        <li
          className="menu__item"
        >
          <a
            className="menu__item__link scroll"
            href="#how-to"
          >
            Por onde começar?
          </a>
        </li>
        <li
          className="menu__item"
        >
          <a
            className="menu__item__link scroll"
            href="#incoming-events"
          >
            Próximos eventos
          </a>
        </li>
        <li
          className="menu__item"
        >
          <a
            className="menu__item__link scroll"
            href="#join-us"
          >
            Faça parte
          </a>
        </li>
      </ul>
    </menu>
  </header>,
  <div
    className="container"
  >
    <section
      className="section about"
      id="about"
    >
      <div
        aria-hidden="true"
        className="decorative-square"
      />
      <div
        aria-hidden="true"
        className="decorative-circle"
      />
      <figure
        className="col-6 col-sm-12 col-md-4 col-lg-3"
      >
        <img
          alt="natalJS logo"
          className="logo"
          src="/static/images/logo-colorful.svg"
        />
      </figure>
      <div
        className="col-12 col-sm-12 col-md-8 col-lg-6"
      >
        <h1
          className="section-title--alternate"
        >
          O que é a natal JS?
        </h1>
        <article
          className="article"
        >
          <header>
            <h1
              className="article__title"
            >
              Comunidade para discutir javascript em Natal-RN
            </h1>
          </header>
          <p
            className="article__body"
          >
            Os objetivos são: ajudar os programadores a obter um melhor conhecimento de programação em javascript; aproximar programadores locais; organizar encontros, conferências e contribuir com projetos open-source relacionados aos estudos.
          </p>
          <footer>
            <a
              className="btn"
              href="https://github.com/NatalJS"
              title="https://github.com/NatalJS"
            >
              Acesse nosso Github
            </a>
          </footer>
        </article>
        <div
          aria-hidden="true"
          className="about__wave"
        />
      </div>
    </section>
    <section
      className="section how-to"
      id="how-to"
    >
      <h1
        className="section-title"
      >
        Por onde começar?
      </h1>
      <article
        className="article col-md-12 col-lg-8"
      >
        <p
          className="article__body"
        >
          Acompanhe nosso site, github e páginas do Facebook e Twitter (em breve) para ficar ligado nos eventos e projetos que estamos organizando. Como comunidade flat, todos podem contribuir igualmente e se tornar membros do projeto.
        </p>
        <footer
          className="text-center"
        >
          <a
            className="btn--negative"
            href="https://github.com/NatalJS"
          >
            GITHUB
          </a>
        </footer>
      </article>
    </section>
  </div>,
  <section
    className="events"
    id="incoming-events"
  >
    <h1
      className="section-title"
    >
      Próximos Eventos?
    </h1>
    <div
      className="events__container"
    >
      <div
        className="events__block"
      >
        <div
          className="col-3 events__time"
        >
          <span>
            22.09
          </span>
          <span>
            8H ÀS 12
          </span>
        </div>
        <div
          className="col-9 events__body"
        >
          <div
            className="events__title"
          >
            O estado atual do front-end no mercado de trabalho
          </div>
          <div
            className="events__location"
          >
            IMD UFRN
          </div>
        </div>
      </div>
      <div
        className="events__block"
      >
        <div
          className="events__day"
        >
          KEYNOTES
           
          <span>
            8H30 ÀS 9H30
          </span>
        </div>
        <div
          className="events__speakers"
        >
          <div
            className="media event__media event__media--sticker1"
          >
            <img
              alt="jaon"
              className="event__image"
              src="/static/images/speakers/avatar-jaon.png"
            />
            <div
              className="media-body"
            >
              <h4
                className="event__talk"
              >
                Javascript para Dinossauros
              </h4>
              <p
                className="event__speaker"
              >
                Jaon 
                <span>
                  Front-End na Evolux
                </span>
              </p>
            </div>
          </div>
          <div
            className="media event__media event__media--sticker2"
          >
            <img
              alt="neto"
              className="event__image"
              src="/static/images/speakers/avatar-neto.png"
            />
            <div
              className="media-body"
            >
              <h4
                className="event__talk"
              >
                Hyped JS: o que os devs descolados estão usando
              </h4>
              <p
                className="event__speaker"
              >
                Neto Guimarães 
                <span>
                  Front-End na Evolux
                </span>
              </p>
            </div>
          </div>
          <div
            className="media event__media event__media--sticker3"
          >
            <img
              alt="marcell"
              className="event__image"
              src="/static/images/speakers/avatar-marcell.png"
            />
            <div
              className="media-body"
            >
              <h4
                className="event__talk"
              >
                Conhecendo a Comunidade open source
              </h4>
              <p
                className="event__speaker"
              >
                Marcell Guilherme 
                <span>
                  Front-End na Evolux
                </span>
              </p>
            </div>
          </div>
        </div>
        <div
          className="events__day"
        >
          WORKSHOPS
           
          <span>
            10H ÀS 12H
          </span>
        </div>
        <div
          className="events__speakers"
        >
          <div
            className="media event__media event__media--sticker1"
          >
            <img
              alt="jhonny"
              className="event__image"
              src="/static/images/speakers/avatar-jhonny.png"
            />
            <div
              className="media-body"
            >
              <h4
                className="event__talk"
              >
                Hello World: criando e configuando seu primeiro projeto web
              </h4>
              <p
                className="event__speaker"
              >
                Jhonny Michel 
                <span>
                  Front-End na Evolux
                </span>
              </p>
            </div>
          </div>
          <div
            className="media event__media event__media--sticker2"
          >
            <img
              alt="gustavo"
              className="event__image"
              src="/static/images/speakers/avatar-gustavo.png"
            />
            <div
              className="media-body"
            >
              <h4
                className="event__talk"
              >
                Procura de heróis na Marvel com Javascript
              </h4>
              <p
                className="event__speaker"
              >
                Gustavo Freire 
                <span>
                  Front-End na Evolux
                </span>
              </p>
            </div>
          </div>
        </div>
      </div>
    </div>
  </section>,
  <section
    className="join-us"
    id="join-us"
  >
    <h1
      className="section-title"
    >
      Faça Parte
    </h1>
    <ul
      className="join-us__list"
    >
      <li
        className="join-us__item"
      >
        Vá aos encontros!
      </li>
      <li
        className="join-us__item"
      >
        Use a hasttag #nataljs
      </li>
      <li
        className="join-us__item"
      >
        Divulgue nas redes socias
      </li>
      <li
        className="join-us__item"
      >
        Contribua em
         
        <a
          className="join-us__link"
          href="https://github.com/NatalJS"
          rel="noopener noreferrer"
          target="_blank"
          title="NatalJS"
        >
          nossos projetos
        </a>
      </li>
    </ul>
  </section>,
  <footer
    className="footer"
    id="footer"
  >
    <ul
      className="footer__socials"
    >
      <li>
        <a
          className="footer__social"
          href="https://www.facebook.com/nataljs/"
          title="facebook"
        >
          <img
            alt="facebook"
            className="footer__ico"
            src="/static/images/facebook-logo.svg"
          />
        </a>
      </li>
      <li>
        <a
          className="footer__social"
          href="https://github.com/NatalJS"
          title="github"
        >
          <img
            alt="github"
            className="footer__ico"
            src="/static/images/github-logo.svg"
          />
        </a>
      </li>
    </ul>
    <p
      className="footer__copy"
    >
      © NatalJS.
    </p>
  </footer>,
]
`;
