// Jest Snapshot v1, https://goo.gl/fbAQLP

exports[`Page Index should render all page with all components correctly 1`] = `
Array [
  <Header />,
  <div
    className="container"
  >
    <About />
    <HowTo />
  </div>,
  <section
    className="events"
    id="incoming-events"
  >
    <h1
      className="section-title"
    >
      Próximos Eventos?
    </h1>
    <div
      className="events__container"
    >
      <div
        className="events__block"
      >
        <div
          className="col-3 events__time"
        >
          <span>
            15.06
          </span>
          <span>
            8:30H ÀS 12
          </span>
        </div>
        <div
          className="col-9 events__body"
        >
          <div
            className="events__title"
          >
            Em breve serão postados mais informações
          </div>
          <div
            className="events__location"
          >
            IMD UFRN
          </div>
        </div>
      </div>
    </div>
  </section>,
  <section
    className="call-for-papers"
    id="join-us"
  >
    <h1
      className="section-title"
    >
      Call For Papers
    </h1>
    <p>
      Tem uma palestra legal? Tem algo para falar?
    </p>
    <a
      className="btn btn--black"
      href="http://speakerfight.com/events/ii-evento-nataljs"
      targe="_blank"
    >
      Submeta sua palestra
    </a>
  </section>,
  <JoinToUs />,
  <Footer />,
]
`;
