// Jest Snapshot v1, https://goo.gl/fbAQLP

exports[`Component About should render component correctly 1`] = `
<section
  className="section about"
  id="about"
>
  <div
    aria-hidden="true"
    className="decorative-square"
  />
  <div
    aria-hidden="true"
    className="decorative-circle"
  />
  <figure
    className="col-6 col-sm-12 col-md-4 col-lg-3"
  >
    <img
      alt="natalJS logo"
      className="logo"
      src="/static/images/logo-colorful.svg"
    />
  </figure>
  <div
    className="col-12 col-sm-12 col-md-8 col-lg-6"
  >
    <h1
      className="section-title--alternate"
    >
      O que é a natal JS?
    </h1>
    <article
      className="article"
    >
      <header>
        <h1
          className="article__title"
        >
          Comunidade para discutir javascript em Natal-RN
        </h1>
      </header>
      <p
        className="article__body"
      >
        Os objetivos são: ajudar os programadores a obter um melhor conhecimento de programação em javascript; aproximar programadores locais; organizar encontros, conferências e contribuir com projetos open-source relacionados aos estudos.
      </p>
      <footer>
        <a
          className="btn"
          href="https://github.com/NatalJS"
          title="https://github.com/NatalJS"
        >
          Acesse nosso Github
        </a>
      </footer>
    </article>
    <div
      aria-hidden="true"
      className="about__wave"
    />
  </div>
</section>
`;
