// Jest Snapshot v1, https://goo.gl/fbAQLP

exports[`Component Events should render component correctly 1`] = `
<section
  className="events"
  id="incoming-events"
>
  <h1
    className="section-title"
  >
    Próximos Eventos
  </h1>
  <div
    className="events__container"
  >
    <div
      className="events__block"
    >
      <div
        className="col-3 events__time"
      >
        <span>
          15.06
        </span>
        <span>
          8H30 ÀS 12H
        </span>
      </div>
      <div
        className="col-9 events__body"
      >
        <div
          className="events__title"
        >
          Natal JS 2: Javascripters, rejoice!
        </div>
        <div
          className="events__location"
        >
          IMD UFRN
        </div>
      </div>
    </div>
    <div
      className="events__block"
    >
      <a
        className="btn btn--white w-100 text-center"
        href="https://docs.google.com/forms/d/e/1FAIpQLSdWT3MnHCGjhBp7dn5KYTfd61eysoO93TB8Alz12u2vmXiJ-Q/viewform"
        target="_blank"
      >
        inscreva-se agora
      </a>
    </div>
    <div
      className="events__block"
    >
      <div
        className="events__day"
      >
        PALESTRAS: SALA B206
         
        <span>
          INICIO 8H30
        </span>
      </div>
      <div
        className="events__speakers"
      >
        <div
          className="media event__media event__media--sticker1"
        >
          <img
            alt="Stefan"
            className="event__image"
            src="/static/images/speakers/avatar-stefan.png"
          />
          <div
            className="media-body"
          >
            <div
              className="events__location"
            >
              9H
            </div>
            <h4
              className="event__talk"
            >
              Javascript everywhere
            </h4>
            <p
              className="event__speaker"
            >
              Stefan Yohansson
            </p>
          </div>
        </div>
        <div
          className="media event__media event__media--sticker2"
        >
          <img
            alt="Wallysson"
            className="event__image"
            src="/static/images/speakers/avatar-wallysson.png"
          />
          <div
            className="media-body"
          >
            <div
              className="events__location"
            >
              9H20
            </div>
            <h4
              className="event__talk"
            >
              JavaScript para programadores Python
            </h4>
            <p
              className="event__speaker"
            >
              Wallysson Lima
            </p>
          </div>
        </div>
        <div
          className="media event__media event__media--sticker3"
        >
          <img
            alt="Gilmar"
            className="event__image"
            src="/static/images/speakers/avatar-gilmar.png"
          />
          <div
            className="media-body"
          >
            <div
              className="events__location"
            >
              9H40
            </div>
            <h4
              className="event__talk"
            >
              React Native autenticação com AWS Amplify
            </h4>
            <p
              className="event__speaker"
            >
              Gilmar Silva
            </p>
          </div>
        </div>
        <div
          className="media event__media event__media--sticker4"
        >
          <img
            alt="Daniel"
            className="event__image"
            src="/static/images/speakers/avatar-daniel.png"
          />
          <div
            className="media-body"
          >
            <div
              className="events__location"
            >
              10H
            </div>
            <h4
              className="event__talk"
            >
              Desenvolvimento 3D na web
            </h4>
            <p
              className="event__speaker"
            >
              Daniel Fernandes
            </p>
          </div>
        </div>
      </div>
      <div
        className="events__day"
      >
        COFFEE BREAK
         
        <span>
          10H25
        </span>
      </div>
      <div
        className="events__day"
      >
        WORKSHOPS
         
        <span>
          INÍCIO 10H50
        </span>
      </div>
      <p
        className="offset-sm-3"
      >
        Os workshops ocorrerão simultaneamente.
      </p>
      <div
        className="events__speakers"
      >
        <div
          className="media event__media event__media--sticker1"
        >
          <img
            alt="Stefan"
            className="event__image"
            src="/static/images/speakers/avatar-stefan.png"
          />
          <div
            className="media-body"
          >
            <div
              className="events__location"
            >
              SALA A303
            </div>
            <h4
              className="event__talk"
            >
              Contribuição para grandes projetos opensource
            </h4>
            <p
              className="event__speaker"
            >
              Stefan Yohansson 
            </p>
          </div>
        </div>
        <div
          className="media event__media event__media--sticker2"
        >
          <img
            alt="Gustavo"
            className="event__image"
            src="/static/images/speakers/avatar-gustavo.png"
          />
          <div
            className="media-body"
          >
            <div
              className="events__location"
            >
              SALA A104
            </div>
            <h4
              className="event__talk"
            >
              Criando sua primeira aplicação em React.js
            </h4>
            <p
              className="event__speaker"
            >
              Gustavo Freire 
            </p>
          </div>
        </div>
      </div>
    </div>
    <div
      className="w-100 d-flex flex-column align-items-center justify-content-center"
      style={
        Object {
          "backgroundColor": "white",
          "padding": 20,
        }
      }
    >
      <span
        style={
          Object {
            "alignSelf": "flex-start",
          }
        }
      >
        Patrocinado por
      </span>
      <a
        href="https://www.evolux.net.br/vagas"
        target="_blank"
      >
        <img
          alt="evolux logo"
          src="/static/images/evolux.svg"
          width={150}
        />
      </a>
    </div>
  </div>
</section>
`;
