// Jest Snapshot v1, https://goo.gl/fbAQLP

exports[`Component Events should render component correctly 1`] = `
<section
  className="events"
  id="incoming-events"
>
  <h1
    className="section-title"
  >
    Próximos Eventos
  </h1>
  <div
    className="events__container"
  >
    <div
      className="events__block"
    >
      <div
        className="col-3 events__time"
      >
        <span>
          08.31
        </span>
        <span>
          08:30H ÀS 12H
        </span>
      </div>
      <div
        className="col-9 events__body"
      >
        <div
          className="events__title"
        >
          Natal JS 3: A terceira vez é ainda melhor
        </div>
        <div
          className="events__location"
        >
          IMD UFRN
        </div>
      </div>
    </div>
    <div
      className="events__block"
    />
  </div>
</section>
`;
