// Jest Snapshot v1, https://goo.gl/fbAQLP

exports[`Component HowTo should render component correctly 1`] = `
<section
  className="section how-to"
  id="how-to"
>
  <h1
    className="section-title"
  >
    Por onde começar?
  </h1>
  <article
    className="article col-md-12 col-lg-8"
  >
    <p
      className="article__body"
    >
      Acompanhe nosso site, github e páginas do Facebook e Twitter (em breve) para ficar ligado nos eventos e projetos que estamos organizando. Como comunidade flat, todos podem contribuir igualmente e se tornar membros do projeto.
    </p>
    <footer
      className="text-center"
    >
      <a
        className="btn--negative"
        href="https://github.com/NatalJS"
      >
        GITHUB
      </a>
    </footer>
  </article>
</section>
`;
